#
# There is insufficient memory for the Java Runtime Environment to continue.
# Native memory allocation (mmap) failed to map 8589934592 bytes. Error detail: committing reserved memory.
# Possible reasons:
#   The system is out of physical RAM or swap space
#   This process is running with CompressedOops enabled, and the Java Heap may be blocking the growth of the native heap
# Possible solutions:
#   Reduce memory load on the system
#   Increase physical memory or swap space
#   Check if swap backing store is full
#   Decrease Java heap size (-Xmx/-Xms)
#   Decrease number of Java threads
#   Decrease Java thread stack sizes (-Xss)
#   Set larger code cache with -XX:ReservedCodeCacheSize=
#   JVM is running with Zero Based Compressed Oops mode in which the Java heap is
#     placed in the first 32GB address space. The Java Heap base address is the
#     maximum limit for the native heap growth. Please use -XX:HeapBaseMinAddress
#     to set the Java Heap base and to place the Java Heap above 32GB virtual address.
# This output file may be truncated or incomplete.
#
#  Out of Memory Error (os_linux.cpp:2793), pid=12003, tid=12004
#
# JRE version:  (21.0.5+11) (build )
# Java VM: OpenJDK 64-Bit Server VM (21.0.5+11-LTS, mixed mode, sharing, tiered, compressed oops, compressed class ptrs, g1 gc, linux-amd64)
# Core dump will be written. Default location: Core dumps may be processed with "/usr/share/apport/apport -p%p -s%s -c%c -d%d -P%P -u%u -g%g -- %E" (or dumping to /workspaces/Minecraft-Auto-X/core.12003)
#

---------------  S U M M A R Y ------------

Command Line: -Xms1G -Xms8G paper.jar

Host: AMD EPYC 7763 64-Core Processor, 2 cores, 7G, Ubuntu 20.04.6 LTS
Time: Sat Mar 15 08:37:55 2025 UTC elapsed time: 0.027657 seconds (0d 0h 0m 0s)

---------------  T H R E A D  ---------------

Current thread (0x0000792c6802a4e0):  JavaThread "Unknown thread" [_thread_in_vm, id=12004, stack(0x0000792c6f38a000,0x0000792c6f48b000) (1028K)]

Stack: [0x0000792c6f38a000,0x0000792c6f48b000],  sp=0x0000792c6f4894b0,  free space=1021k
Native frames: (J=compiled Java code, j=interpreted, Vv=VM code, C=native code)
V  [libjvm.so+0x10127d8]  VMError::report_and_die(int, char const*, char const*, __va_list_tag*, Thread*, unsigned char*, void*, void*, char const*, int, unsigned long)+0x2b8  (os_linux.cpp:2793)
V  [libjvm.so+0x10131cd]
V  [libjvm.so+0x6bca3f]
V  [libjvm.so+0xd0b7c4]  os::pd_commit_memory_or_exit(char*, unsigned long, unsigned long, bool, char const*)+0xd4
V  [libjvm.so+0xd04bcd]  os::commit_memory_or_exit(char*, unsigned long, unsigned long, bool, char const*)+0x1d
V  [libjvm.so+0x8193eb]  G1PageBasedVirtualSpace::commit(unsigned long, unsigned long)+0xfb
V  [libjvm.so+0x82f65f]  G1RegionsLargerThanCommitSizeMapper::commit_regions(unsigned int, unsigned long, WorkerThreads*)+0x9f
V  [libjvm.so+0x8bf725]  HeapRegionManager::commit_regions(unsigned int, unsigned long, WorkerThreads*)+0x55
V  [libjvm.so+0x8c1392]  HeapRegionManager::expand(unsigned int, unsigned int, WorkerThreads*)+0x32
V  [libjvm.so+0x8c15be]  HeapRegionManager::expand_by(unsigned int, WorkerThreads*)+0x7e
V  [libjvm.so+0x7d375f]  G1CollectedHeap::expand(unsigned long, WorkerThreads*, double*)+0xff
V  [libjvm.so+0x7d3d74]  G1CollectedHeap::initialize()+0x5c4
V  [libjvm.so+0xfb40d6]  universe_init()+0xd6
V  [libjvm.so+0x8dff37]  init_globals()+0x37
V  [libjvm.so+0xf92c85]  Threads::create_vm(JavaVMInitArgs*, bool*)+0x2b5
V  [libjvm.so+0x9bc52f]  JNI_CreateJavaVM+0x4f
C  [libjli.so+0x42cb]  JavaMain+0x8b
C  [libjli.so+0x7e49]  ThreadJavaMain+0x9

---------------  P R O C E S S  ---------------

Threads class SMR info:
_java_thread_list=0x0000792c70b5cf40, length=0, elements={
}

Java Threads: ( => current thread )
Total: 0

Other Threads:
  0x0000792c680535c0 WorkerThread "GC Thread#0"                     [id=12005, stack(0x0000792c6cd00000,0x0000792c6ce00000) (1024K)]
  0x0000792c68064b80 ConcurrentGCThread "G1 Main Marker"            [id=12006, stack(0x0000792c6cbff000,0x0000792c6ccff000) (1024K)]
  0x0000792c68065b20 WorkerThread "G1 Conc#0"                       [id=12007, stack(0x0000792c6cafe000,0x0000792c6cbfe000) (1024K)]

[error occurred during error reporting (printing all threads), id 0xb, SIGSEGV (0xb) at pc=0x0000792c6fdd0680]
VM state: not at safepoint (not fully initialized)

VM Mutex/Monitor currently owned by a thread:  ([mutex/lock_event])
[0x0000792c70b36dd8] Heap_lock - owner thread: 0x0000792c6802a4e0

Heap address: 0x0000000600000000, size: 8192 MB, Compressed Oops mode: Zero based, Oop shift amount: 3

CDS archive(s) mapped at: [0x0000000000000000-0x0000000000000000-0x0000000000000000), size 0, SharedBaseAddress: 0x0000000800000000, ArchiveRelocationMode: 1.
Narrow klass base: 0x0000000000000000, Narrow klass shift: 0, Narrow klass range: 0x0

GC Precious Log:
 CardTable entry size: 512
 Card Set container configuration: InlinePtr #cards 4 size 8 Array Of Cards #cards 32 size 80 Howl #buckets 8 coarsen threshold 7372 Howl Bitmap #cards 1024 size 144 coarsen threshold 921 Card regions per heap region 1 cards per card region 8192

Heap:
 garbage-first heap   total 0K, used 0K [0x0000000600000000, 0x0000000800000000)
  region size 4096K, 0 young (0K), 0 survivors (0K)

[error occurred during error reporting (printing heap information), id 0xb, SIGSEGV (0xb) at pc=0x0000792c7039b49a]
GC Heap History (0 events):
No events

Dll operation events (1 events):
Event: 0.017 Loaded shared library /usr/local/sdkman/candidates/java/21.0.5-ms/lib/libjava.so

Deoptimization events (0 events):
No events

Classes loaded (0 events):
No events

Classes unloaded (0 events):
No events

Classes redefined (0 events):
No events

Internal exceptions (0 events):
No events

ZGC Phase Switch (0 events):
No events

VM Operations (0 events):
No events

Memory protections (1 events):
Event: 0.015 Protecting memory [0x0000792c6f38a000,0x0000792c6f38e000] with protection modes 0

Nmethod flushes (0 events):
No events

Events (0 events):
No events


Dynamic libraries:
59e550d47000-59e550d48000 r-xp 00000000 00:2c 548542                     /usr/local/sdkman/candidates/java/21.0.5-ms/bin/java
59e550d49000-59e550d4a000 r--p 00001000 00:2c 548542                     /usr/local/sdkman/candidates/java/21.0.5-ms/bin/java
59e550d4a000-59e550d4b000 rw-p 00002000 00:2c 548542                     /usr/local/sdkman/candidates/java/21.0.5-ms/bin/java
59e56298c000-59e5629d2000 rw-p 00000000 00:00 0                          [heap]
792c38000000-792c38021000 rw-p 00000000 00:00 0 
792c38021000-792c3c000000 ---p 00000000 00:00 0 
792c3c000000-792c3c021000 rw-p 00000000 00:00 0 
792c3c021000-792c40000000 ---p 00000000 00:00 0 
792c42000000-792c44000000 rw-p 00000000 00:00 0 
792c44000000-792c44021000 rw-p 00000000 00:00 0 
792c44021000-792c48000000 ---p 00000000 00:00 0 
792c48800000-792c50800000 ---p 00000000 00:00 0 
792c50800000-792c50a70000 rwxp 00000000 00:00 0 
792c50a70000-792c57d38000 ---p 00000000 00:00 0 
792c57d38000-792c57fa8000 rwxp 00000000 00:00 0 
792c57fa8000-792c582c7000 ---p 00000000 00:00 0 
792c582c7000-792c58537000 rwxp 00000000 00:00 0 
792c58537000-792c5f800000 ---p 00000000 00:00 0 
792c5f89d000-792c68000000 r--s 00000000 00:2c 549029                     /usr/local/sdkman/candidates/java/21.0.5-ms/lib/modules
792c68000000-792c6807b000 rw-p 00000000 00:00 0 
792c6807b000-792c6c000000 ---p 00000000 00:00 0 
792c6c400000-792c6c6e1000 rw-p 00000000 00:00 0 
792c6c779000-792c6cafd000 rw-p 00000000 00:00 0 
792c6cafd000-792c6cafe000 ---p 00000000 00:00 0 
792c6cafe000-792c6cbfe000 rw-p 00000000 00:00 0 
792c6cbfe000-792c6cbff000 ---p 00000000 00:00 0 
792c6cbff000-792c6ccff000 rw-p 00000000 00:00 0 
792c6ccff000-792c6cd00000 ---p 00000000 00:00 0 
792c6cd00000-792c6ce00000 rw-p 00000000 00:00 0 
792c6ce00000-792c6ee00000 ---p 00000000 00:00 0 
792c6ee7e000-792c6f14c000 rw-p 00000000 00:00 0 
792c6f14c000-792c6f232000 ---p 00000000 00:00 0 
792c6f232000-792c6f237000 rw-p 00000000 00:00 0 
792c6f237000-792c6f31d000 ---p 00000000 00:00 0 
792c6f31d000-792c6f322000 rw-p 00000000 00:00 0 
792c6f322000-792c6f329000 ---p 00000000 00:00 0 
792c6f329000-792c6f349000 r-xp 00000000 00:2c 549004                     /usr/local/sdkman/candidates/java/21.0.5-ms/lib/libjava.so
792c6f349000-792c6f34a000 ---p 00020000 00:2c 549004                     /usr/local/sdkman/candidates/java/21.0.5-ms/lib/libjava.so
792c6f34a000-792c6f34b000 r--p 00020000 00:2c 549004                     /usr/local/sdkman/candidates/java/21.0.5-ms/lib/libjava.so
792c6f34b000-792c6f34c000 rw-p 00021000 00:2c 549004                     /usr/local/sdkman/candidates/java/21.0.5-ms/lib/libjava.so
792c6f34c000-792c6f34d000 rw-p 00000000 00:00 0 
792c6f34d000-792c6f350000 r--p 00000000 00:2c 132074                     /usr/lib/x86_64-linux-gnu/libnss_files-2.31.so
792c6f350000-792c6f357000 r-xp 00003000 00:2c 132074                     /usr/lib/x86_64-linux-gnu/libnss_files-2.31.so
792c6f357000-792c6f359000 r--p 0000a000 00:2c 132074                     /usr/lib/x86_64-linux-gnu/libnss_files-2.31.so
792c6f359000-792c6f35a000 r--p 0000b000 00:2c 132074                     /usr/lib/x86_64-linux-gnu/libnss_files-2.31.so
792c6f35a000-792c6f35b000 rw-p 0000c000 00:2c 132074                     /usr/lib/x86_64-linux-gnu/libnss_files-2.31.so
792c6f35b000-792c6f361000 rw-p 00000000 00:00 0 
792c6f36b000-792c6f386000 r-xp 00000000 00:2c 549008                     /usr/local/sdkman/candidates/java/21.0.5-ms/lib/libjimage.so
792c6f386000-792c6f387000 ---p 0001b000 00:2c 549008                     /usr/local/sdkman/candidates/java/21.0.5-ms/lib/libjimage.so
792c6f387000-792c6f389000 r--p 0001b000 00:2c 549008                     /usr/local/sdkman/candidates/java/21.0.5-ms/lib/libjimage.so
792c6f389000-792c6f38a000 rw-p 0001d000 00:2c 549008                     /usr/local/sdkman/candidates/java/21.0.5-ms/lib/libjimage.so
792c6f38a000-792c6f38e000 ---p 00000000 00:00 0 
792c6f38e000-792c6f48b000 rw-p 00000000 00:00 0 
792c6f48b000-792c6f498000 r--p 00000000 00:2c 132051                     /usr/lib/x86_64-linux-gnu/libm-2.31.so
792c6f498000-792c6f53f000 r-xp 0000d000 00:2c 132051                     /usr/lib/x86_64-linux-gnu/libm-2.31.so
792c6f53f000-792c6f5d8000 r--p 000b4000 00:2c 132051                     /usr/lib/x86_64-linux-gnu/libm-2.31.so
792c6f5d8000-792c6f5d9000 r--p 0014c000 00:2c 132051                     /usr/lib/x86_64-linux-gnu/libm-2.31.so
792c6f5d9000-792c6f5da000 rw-p 0014d000 00:2c 132051                     /usr/lib/x86_64-linux-gnu/libm-2.31.so
792c6f5da000-792c6f5dc000 r--p 00000000 00:2c 132107                     /usr/lib/x86_64-linux-gnu/librt-2.31.so
792c6f5dc000-792c6f5e0000 r-xp 00002000 00:2c 132107                     /usr/lib/x86_64-linux-gnu/librt-2.31.so
792c6f5e0000-792c6f5e2000 r--p 00006000 00:2c 132107                     /usr/lib/x86_64-linux-gnu/librt-2.31.so
792c6f5e2000-792c6f5e3000 r--p 00007000 00:2c 132107                     /usr/lib/x86_64-linux-gnu/librt-2.31.so
792c6f5e3000-792c6f5e4000 rw-p 00008000 00:2c 132107                     /usr/lib/x86_64-linux-gnu/librt-2.31.so
792c6f5e4000-792c70a00000 r-xp 00000000 00:2c 549041                     /usr/local/sdkman/candidates/java/21.0.5-ms/lib/server/libjvm.so
792c70a00000-792c70a01000 ---p 0141c000 00:2c 549041                     /usr/local/sdkman/candidates/java/21.0.5-ms/lib/server/libjvm.so
792c70a01000-792c70ad5000 r--p 0141c000 00:2c 549041                     /usr/local/sdkman/candidates/java/21.0.5-ms/lib/server/libjvm.so
792c70ad5000-792c70b05000 rw-p 014f0000 00:2c 549041                     /usr/local/sdkman/candidates/java/21.0.5-ms/lib/server/libjvm.so
792c70b05000-792c70b6d000 rw-p 00000000 00:00 0 
792c70b6d000-792c70b8f000 r--p 00000000 00:2c 132009                     /usr/lib/x86_64-linux-gnu/libc-2.31.so
792c70b8f000-792c70d07000 r-xp 00022000 00:2c 132009                     /usr/lib/x86_64-linux-gnu/libc-2.31.so
792c70d07000-792c70d55000 r--p 0019a000 00:2c 132009                     /usr/lib/x86_64-linux-gnu/libc-2.31.so
792c70d55000-792c70d59000 r--p 001e7000 00:2c 132009                     /usr/lib/x86_64-linux-gnu/libc-2.31.so
792c70d59000-792c70d5b000 rw-p 001eb000 00:2c 132009                     /usr/lib/x86_64-linux-gnu/libc-2.31.so
792c70d5b000-792c70d5f000 rw-p 00000000 00:00 0 
792c70d5f000-792c70d60000 r--p 00000000 00:2c 132020                     /usr/lib/x86_64-linux-gnu/libdl-2.31.so
792c70d60000-792c70d62000 r-xp 00001000 00:2c 132020                     /usr/lib/x86_64-linux-gnu/libdl-2.31.so
792c70d62000-792c70d63000 r--p 00003000 00:2c 132020                     /usr/lib/x86_64-linux-gnu/libdl-2.31.so
792c70d63000-792c70d64000 r--p 00003000 00:2c 132020                     /usr/lib/x86_64-linux-gnu/libdl-2.31.so
792c70d64000-792c70d65000 rw-p 00004000 00:2c 132020                     /usr/lib/x86_64-linux-gnu/libdl-2.31.so
792c70d65000-792c70d6b000 r--p 00000000 00:2c 132103                     /usr/lib/x86_64-linux-gnu/libpthread-2.31.so
792c70d6b000-792c70d7c000 r-xp 00006000 00:2c 132103                     /usr/lib/x86_64-linux-gnu/libpthread-2.31.so
792c70d7c000-792c70d82000 r--p 00017000 00:2c 132103                     /usr/lib/x86_64-linux-gnu/libpthread-2.31.so
792c70d82000-792c70d83000 r--p 0001c000 00:2c 132103                     /usr/lib/x86_64-linux-gnu/libpthread-2.31.so
792c70d83000-792c70d84000 rw-p 0001d000 00:2c 132103                     /usr/lib/x86_64-linux-gnu/libpthread-2.31.so
792c70d84000-792c70d88000 rw-p 00000000 00:00 0 
792c70d88000-792c70d96000 r-xp 00000000 00:2c 549009                     /usr/local/sdkman/candidates/java/21.0.5-ms/lib/libjli.so
792c70d96000-792c70d97000 ---p 0000e000 00:2c 549009                     /usr/local/sdkman/candidates/java/21.0.5-ms/lib/libjli.so
792c70d97000-792c70d98000 r--p 0000e000 00:2c 549009                     /usr/local/sdkman/candidates/java/21.0.5-ms/lib/libjli.so
792c70d98000-792c70d99000 rw-p 0000f000 00:2c 549009                     /usr/local/sdkman/candidates/java/21.0.5-ms/lib/libjli.so
792c70d99000-792c70d9b000 r--p 00000000 00:2c 132139                     /usr/lib/x86_64-linux-gnu/libz.so.1.2.11
792c70d9b000-792c70dac000 r-xp 00002000 00:2c 132139                     /usr/lib/x86_64-linux-gnu/libz.so.1.2.11
792c70dac000-792c70db2000 r--p 00013000 00:2c 132139                     /usr/lib/x86_64-linux-gnu/libz.so.1.2.11
792c70db2000-792c70db3000 ---p 00019000 00:2c 132139                     /usr/lib/x86_64-linux-gnu/libz.so.1.2.11
792c70db3000-792c70db4000 r--p 00019000 00:2c 132139                     /usr/lib/x86_64-linux-gnu/libz.so.1.2.11
792c70db4000-792c70db5000 rw-p 0001a000 00:2c 132139                     /usr/lib/x86_64-linux-gnu/libz.so.1.2.11
792c70db5000-792c70dbd000 rw-s 00000000 08:01 1179665                    /tmp/hsperfdata_codespace/12003
792c70dbd000-792c70dbe000 ---p 00000000 00:00 0 
792c70dbe000-792c70dbf000 r--p 00000000 00:00 0 
792c70dbf000-792c70dc1000 rw-p 00000000 00:00 0 
792c70dc1000-792c70dc2000 r--p 00000000 00:2c 131987                     /usr/lib/x86_64-linux-gnu/ld-2.31.so
792c70dc2000-792c70de5000 r-xp 00001000 00:2c 131987                     /usr/lib/x86_64-linux-gnu/ld-2.31.so
792c70de5000-792c70ded000 r--p 00024000 00:2c 131987                     /usr/lib/x86_64-linux-gnu/ld-2.31.so
792c70ded000-792c70dee000 ---p 00000000 00:00 0 
792c70dee000-792c70def000 r--p 0002c000 00:2c 131987                     /usr/lib/x86_64-linux-gnu/ld-2.31.so
792c70def000-792c70df0000 rw-p 0002d000 00:2c 131987                     /usr/lib/x86_64-linux-gnu/ld-2.31.so
792c70df0000-792c70df1000 rw-p 00000000 00:00 0 
7ffe5f065000-7ffe5f087000 rw-p 00000000 00:00 0                          [stack]
7ffe5f0ac000-7ffe5f0b0000 r--p 00000000 00:00 0                          [vvar]
7ffe5f0b0000-7ffe5f0b2000 r-xp 00000000 00:00 0                          [vdso]
ffffffffff600000-ffffffffff601000 --xp 00000000 00:00 0                  [vsyscall]
Total number of mappings: 110


VM Arguments:
jvm_args: -Xms1G -Xms8G 
java_command: paper.jar
java_class_path (initial): paper.jar
Launcher Type: SUN_STANDARD

[Global flags]
     intx CICompilerCount                          = 2                                         {product} {ergonomic}
     uint ConcGCThreads                            = 1                                         {product} {ergonomic}
     uint G1ConcRefinementThreads                  = 2                                         {product} {ergonomic}
   size_t G1HeapRegionSize                         = 4194304                                   {product} {ergonomic}
    uintx GCDrainStackTargetSize                   = 64                                        {product} {ergonomic}
   size_t InitialHeapSize                          = 8589934592                                {product} {command line}
   size_t MarkStackSize                            = 4194304                                   {product} {ergonomic}
   size_t MaxHeapSize                              = 8589934592                                {product} {ergonomic}
   size_t MinHeapDeltaBytes                        = 4194304                                   {product} {ergonomic}
   size_t MinHeapSize                              = 8589934592                                {product} {command line}
    uintx NonNMethodCodeHeapSize                   = 5826188                                {pd product} {ergonomic}
    uintx NonProfiledCodeHeapSize                  = 122916026                              {pd product} {ergonomic}
    uintx ProfiledCodeHeapSize                     = 122916026                              {pd product} {ergonomic}
    uintx ReservedCodeCacheSize                    = 251658240                              {pd product} {ergonomic}
     bool SegmentedCodeCache                       = true                                      {product} {ergonomic}
   size_t SoftMaxHeapSize                          = 8589934592                             {manageable} {ergonomic}
     bool UseCompressedOops                        = true                           {product lp64_product} {ergonomic}
     bool UseG1GC                                  = true                                      {product} {ergonomic}

Logging:
Log output configuration:
 #0: stdout all=warning uptime,level,tags foldmultilines=false
 #1: stderr all=off uptime,level,tags foldmultilines=false

Environment Variables:
JAVA_HOME=/usr/local/sdkman/candidates/java/current
PATH=/usr/local/rvm/gems/ruby-3.3.4/bin:/usr/local/rvm/gems/ruby-3.3.4@global/bin:/usr/local/rvm/rubies/ruby-3.3.4/bin:/vscode/bin/linux-x64/ddc367ed5c8936efe395cffeec279b04ffd7db78/bin/remote-cli:/home/codespace/.local/bin:/home/codespace/.dotnet:/home/codespace/nvm/current/bin:/home/codespace/.php/current/bin:/home/codespace/.python/current/bin:/home/codespace/java/current/bin:/home/codespace/.ruby/current/bin:/home/codespace/.local/bin:/usr/local/python/current/bin:/usr/local/py-utils/bin:/usr/local/oryx:/usr/local/go/bin:/go/bin:/usr/local/sdkman/bin:/usr/local/sdkman/candidates/java/current/bin:/usr/local/sdkman/candidates/gradle/current/bin:/usr/local/sdkman/candidates/maven/current/bin:/usr/local/sdkman/candidates/ant/current/bin:/usr/local/rvm/gems/default/bin:/usr/local/rvm/gems/default@global/bin:/usr/local/rvm/rubies/default/bin:/usr/local/share/rbenv/bin:/usr/local/php/current/bin:/opt/conda/bin:/usr/local/nvs:/usr/local/share/nvm/versions/node/v20.18.1/bin:/usr/local/hugo/bin:/usr/local/sbin:/usr/local/bin:/usr/sbin:/usr/bin:/sbin:/bin:/usr/share/dotnet:/home/codespace/.dotnet/tools:/usr/local/rvm/bin
SHELL=/bin/bash
LANG=C.UTF-8
TERM=xterm-256color

Active Locale:
LC_ALL=C
LC_COLLATE=C
LC_CTYPE=C
LC_MESSAGES=C
LC_MONETARY=C
LC_NUMERIC=C
LC_TIME=C

Signal Handlers:
   SIGSEGV: crash_handler in libjvm.so, mask=11100100010111111101111111111110, flags=SA_RESTART|SA_SIGINFO, unblocked
    SIGBUS: crash_handler in libjvm.so, mask=11100100010111111101111111111110, flags=SA_RESTART|SA_SIGINFO, unblocked
    SIGFPE: crash_handler in libjvm.so, mask=11100100010111111101111111111110, flags=SA_RESTART|SA_SIGINFO, unblocked
   SIGPIPE: javaSignalHandler in libjvm.so, mask=11100100010111111101111111111110, flags=SA_RESTART|SA_SIGINFO, blocked
   SIGXFSZ: javaSignalHandler in libjvm.so, mask=11100100010111111101111111111110, flags=SA_RESTART|SA_SIGINFO, blocked
    SIGILL: crash_handler in libjvm.so, mask=11100100010111111101111111111110, flags=SA_RESTART|SA_SIGINFO, unblocked
   SIGUSR2: SR_handler in libjvm.so, mask=00000000000000000000000000000000, flags=SA_RESTART|SA_SIGINFO, blocked
    SIGHUP: SIG_DFL, mask=00000000000000000000000000000000, flags=none, blocked
    SIGINT: SIG_DFL, mask=00000000000000000000000000000000, flags=none, blocked
   SIGTERM: SIG_DFL, mask=00000000000000000000000000000000, flags=none, blocked
   SIGQUIT: UserHandler in libjvm.so, mask=11100100010111111101111111111110, flags=SA_RESTART|SA_SIGINFO, blocked
   SIGTRAP: crash_handler in libjvm.so, mask=11100100010111111101111111111110, flags=SA_RESTART|SA_SIGINFO, unblocked


Periodic native trim disabled

---------------  S Y S T E M  ---------------

OS:
DISTRIB_ID=Ubuntu
DISTRIB_RELEASE=20.04
DISTRIB_CODENAME=focal
DISTRIB_DESCRIPTION="Ubuntu 20.04.6 LTS"
uname: Linux 6.8.0-1021-azure #25~22.04.1-Ubuntu SMP Thu Jan 16 21:37:09 UTC 2025 x86_64
OS uptime: 0 days 0:18 hours
libc: glibc 2.31 NPTL 2.31 
rlimit (soft/hard): STACK 8192k/infinity , CORE infinity/infinity , NPROC infinity/infinity , NOFILE 1048576/1048576 , AS infinity/infinity , CPU infinity/infinity , DATA infinity/infinity , FSIZE infinity/infinity , MEMLOCK 8192k/8192k
load average: 0.33 1.63 1.60

/proc/meminfo:
MemTotal:        8129236 kB
MemFree:          490132 kB
MemAvailable:    5644200 kB
Buffers:           17908 kB
Cached:          5338096 kB
SwapCached:            0 kB
Active:          2853864 kB
Inactive:        4336784 kB
Active(anon):    1326200 kB
Inactive(anon):   578204 kB
Active(file):    1527664 kB
Inactive(file):  3758580 kB
Unevictable:       27844 kB
Mlocked:           27844 kB
SwapTotal:             0 kB
SwapFree:              0 kB
Zswap:                 0 kB
Zswapped:              0 kB
Dirty:               468 kB
Writeback:             0 kB
AnonPages:       1783660 kB
Mapped:           388284 kB
Shmem:             60652 kB
KReclaimable:     181436 kB
Slab:             269356 kB
SReclaimable:     181436 kB
SUnreclaim:        87920 kB
KernelStack:       10416 kB
PageTables:        41828 kB
SecPageTables:         0 kB
NFS_Unstable:          0 kB
Bounce:                0 kB
WritebackTmp:          0 kB
CommitLimit:     4064616 kB
Committed_AS:    5048472 kB
VmallocTotal:   34359738367 kB
VmallocUsed:       43192 kB
VmallocChunk:          0 kB
Percpu:             1152 kB
HardwareCorrupted:     0 kB
AnonHugePages:    579584 kB
ShmemHugePages:        0 kB
ShmemPmdMapped:        0 kB
FileHugePages:         0 kB
FilePmdMapped:         0 kB
Unaccepted:            0 kB
HugePages_Total:       0
HugePages_Free:        0
HugePages_Rsvd:        0
HugePages_Surp:        0
Hugepagesize:       2048 kB
Hugetlb:               0 kB
DirectMap4k:      104384 kB
DirectMap2M:     4089856 kB
DirectMap1G:     6291456 kB

/sys/kernel/mm/transparent_hugepage/enabled: [always] madvise never
/sys/kernel/mm/transparent_hugepage/hpage_pmd_size: 2097152
/sys/kernel/mm/transparent_hugepage/defrag (defrag/compaction efforts parameter): always defer defer+madvise [madvise] never

Process Memory:
Virtual Size: 885396K (peak: 9269512K)
Resident Set Size: 19176K (peak: 19176K) (anon: 6888K, file: 12288K, shmem: 0K)
Swapped out: 0K
C-Heap outstanding allocations: 9706K, retained: 605K
glibc malloc tunables: (default)

/proc/sys/kernel/threads-max (system-wide limit on the number of threads): 63466
/proc/sys/vm/max_map_count (maximum number of memory map areas a process may have): 65530
/proc/sys/vm/swappiness (control to define how aggressively the kernel swaps out anonymous memory): 60
/proc/sys/kernel/pid_max (system-wide limit on number of process identifiers): 4194304

container (cgroup) information:
container_type: cgroupv2
cpu_cpuset_cpus: not supported
cpu_memory_nodes: not supported
active_processor_count: 2
cpu_quota: no quota
cpu_period: 100000
cpu_shares: no shares
memory_limit_in_bytes: unlimited
memory_and_swap_limit_in_bytes: unlimited
memory_soft_limit_in_bytes: unlimited
memory_usage_in_bytes: 4180772 k
memory_max_usage_in_bytes: not supported
memory_swap_current_in_bytes: unlimited
memory_swap_max_limit_in_bytes: unlimited
maximum number of tasks: unlimited
current number of tasks: 151

Hyper-V virtualization detected
Steal ticks since vm start: 0
Steal ticks percentage since vm start:  0.000

CPU: total 2 (initial active 2) (16 cores per cpu, 2 threads per core) family 25 model 1 stepping 1 microcode 0xffffffff, cx8, cmov, fxsr, ht, mmx, 3dnowpref, sse, sse2, sse3, ssse3, sse4a, sse4.1, sse4.2, popcnt, lzcnt, tsc, tscinvbit, avx, avx2, aes, erms, clmul, bmi1, bmi2, adx, sha, fma, vzeroupper, clflush, clflushopt, hv, rdtscp, rdpid, fsrm, f16c, cet_ss
CPU Model and flags from /proc/cpuinfo:
model name	: AMD EPYC 7763 64-Core Processor
flags		: fpu vme de pse tsc msr pae mce cx8 apic sep mtrr pge mca cmov pat pse36 clflush mmx fxsr sse sse2 ht syscall nx mmxext fxsr_opt pdpe1gb rdtscp lm constant_tsc rep_good nopl tsc_reliable nonstop_tsc cpuid extd_apicid aperfmperf pni pclmulqdq ssse3 fma cx16 pcid sse4_1 sse4_2 movbe popcnt aes xsave avx f16c rdrand hypervisor lahf_lm cmp_legacy svm cr8_legacy abm sse4a misalignsse 3dnowprefetch osvw topoext vmmcall fsgsbase bmi1 avx2 smep bmi2 erms invpcid rdseed adx smap clflushopt clwb sha_ni xsaveopt xsavec xgetbv1 xsaves user_shstk clzero xsaveerptr rdpru arat npt nrip_save tsc_scale vmcb_clean flushbyasid decodeassists pausefilter pfthreshold v_vmsave_vmload umip vaes vpclmulqdq rdpid fsrm

Online cpus: 0-1
Offline cpus: 
BIOS frequency limitation: <Not Available>
Frequency switch latency (ns): <Not Available>
Available cpu frequencies: <Not Available>
Current governor: <Not Available>
Core performance/turbo boost: <Not Available>

Memory: 4k page, physical 8129236k(5644200k free), swap 0k(0k free)
Page Sizes: 4k

vm_info: OpenJDK 64-Bit Server VM (21.0.5+11-LTS) for linux-amd64 JRE (21.0.5+11-LTS), built on 2024-10-11T23:31:17Z by "MicrosoftCorporation" with gcc 11.3.0

END.
